\BOOKMARK [0][-]{chapter.1}{\376\377\000I\000n\000t\000r\000o\000d\000u\000c\000t\000i\000o\000n}{}% 1
\BOOKMARK [0][-]{chapter.2}{\376\377\000C\000a\000b\000l\000e\000\040\000A\000s\000s\000e\000m\000b\000l\000i\000e\000s\000\040\000a\000n\000d\000\040\000H\000a\000r\000n\000e\000s\000s\000e\000s}{}% 2
\BOOKMARK [1][-]{section.2.1}{\376\377\000O\000v\000e\000r\000v\000i\000e\000w}{chapter.2}% 3
\BOOKMARK [2][-]{subsection.2.1.1}{\376\377\0002\000-\000C\000h\000a\000n\000n\000e\000l\000\040\000D\000C\000C\000T\000\040\000C\000a\000b\000l\000e}{section.2.1}% 4
\BOOKMARK [2][-]{subsection.2.1.2}{\376\377\0004\000-\000C\000h\000a\000n\000n\000e\000l\000\040\000D\000C\000C\000T\000\040\000C\000a\000b\000l\000e}{section.2.1}% 5
\BOOKMARK [2][-]{subsection.2.1.3}{\376\377\000P\000o\000w\000e\000r\000\040\000S\000u\000p\000p\000l\000y\000\040\000C\000h\000a\000n\000n\000e\000l\000s\000\040\0001\000\040\000t\000h\000r\000o\000u\000g\000h\000\040\0004\000\040\000A\000T\000E\000\040\000I\000n\000t\000e\000r\000f\000a\000c\000e\000\040\000C\000a\000b\000l\000e\000s}{section.2.1}% 6
\BOOKMARK [2][-]{subsection.2.1.4}{\376\377\000S\000F\000P\000\040\000T\000r\000a\000n\000s\000c\000e\000i\000v\000e\000r\000s}{section.2.1}% 7
\BOOKMARK [2][-]{subsection.2.1.5}{\376\377\000O\000t\000h\000e\000r\000\040\000M\000i\000s\000c\000e\000l\000l\000a\000n\000e\000o\000u\000s\000\040\000C\000a\000b\000l\000e\000s}{section.2.1}% 8
\BOOKMARK [0][-]{chapter.3}{\376\377\000A\000T\000E\000\040\000C\000o\000n\000n\000e\000c\000t\000i\000o\000n\000s}{}% 9
\BOOKMARK [1][-]{section.3.1}{\376\377\000O\000v\000e\000r\000v\000i\000e\000w}{chapter.3}% 10
\BOOKMARK [2][-]{subsection.3.1.1}{\376\377\000A\000T\000E\000\040\000T\000e\000s\000t\000\040\000R\000a\000c\000k\000\040\000a\000t\000\040\000N\000S\000L\000S\000-\000I\000I}{section.3.1}% 11
\BOOKMARK [1][-]{section.3.2}{\376\377\000C\000o\000n\000n\000e\000c\000t\000i\000o\000n\000s}{chapter.3}% 12
\BOOKMARK [2][-]{subsection.3.2.1}{\376\377\000C\000u\000r\000r\000e\000n\000t\000\040\000M\000e\000a\000s\000u\000r\000e\000m\000e\000n\000t\000\040\000L\000o\000o\000p\000/\000D\000M\000M\000\040\000C\000o\000n\000n\000e\000c\000t\000i\000o\000n}{section.3.2}% 13
\BOOKMARK [2][-]{subsection.3.2.2}{\376\377\000T\000u\000n\000i\000n\000g\000\040\000B\000o\000a\000r\000d\000s}{section.3.2}% 14
\BOOKMARK [0][-]{chapter.4}{\376\377\000z\000P\000S\000C\000\040\000C\000h\000a\000s\000s\000i\000s\000\040\000O\000v\000e\000r\000v\000i\000e\000w}{}% 15
\BOOKMARK [1][-]{section.4.1}{\376\377\000I\000n\000t\000r\000o\000d\000u\000c\000t\000i\000o\000n}{chapter.4}% 16
\BOOKMARK [1][-]{section.4.2}{\376\377\000F\000r\000o\000n\000t\000\040\000P\000a\000n\000e\000l\000s\000\040\000\050\0002\000-\000\040\000a\000n\000d\000\040\0004\000-\000C\000h\000a\000n\000n\000e\000l\000\040\000P\000S\000C\000s\000\051}{chapter.4}% 17
\BOOKMARK [1][-]{section.4.3}{\376\377\000R\000e\000a\000r\000\040\000P\000a\000n\000e\000l\000\040\000-\000\040\0002\000\040\000C\000h\000a\000n\000n\000e\000l}{chapter.4}% 18
\BOOKMARK [1][-]{section.4.4}{\376\377\000I\000n\000t\000e\000r\000n\000a\000l\000\040\000C\000o\000m\000p\000o\000n\000e\000n\000t\000\040\000L\000a\000y\000o\000u\000t\000\040\000-\000\040\0002\000\040\000C\000h\000a\000n\000n\000e\000l}{chapter.4}% 19
\BOOKMARK [2][-]{subsection.4.4.1}{\376\377\000A\000n\000a\000l\000o\000g\000\040\000B\000o\000a\000r\000d\000\040\000C\000o\000m\000p\000o\000n\000e\000n\000t\000s}{section.4.4}% 20
\BOOKMARK [1][-]{section.4.5}{\376\377\000R\000e\000a\000r\000\040\000P\000a\000n\000e\000l\000\040\000-\000\040\0004\000\040\000C\000h\000a\000n\000n\000e\000l}{chapter.4}% 21
\BOOKMARK [1][-]{section.4.6}{\376\377\000I\000n\000t\000e\000r\000n\000a\000l\000\040\000C\000o\000m\000p\000o\000n\000e\000n\000t\000\040\000L\000a\000y\000o\000u\000t\000\040\000-\000\040\0004\000\040\000C\000h\000a\000n\000n\000e\000l}{chapter.4}% 22
\BOOKMARK [2][-]{subsection.4.6.1}{\376\377\000A\000n\000a\000l\000o\000g\000\040\000B\000o\000a\000r\000d\000\040\000C\000o\000m\000p\000o\000n\000e\000n\000t\000s}{section.4.6}% 23
\BOOKMARK [0][-]{chapter.5}{\376\377\000E\000P\000I\000C\000S\000\040\000B\000a\000s\000e\000\040\000a\000n\000d\000\040\000I\000O\000C\000s}{}% 24
\BOOKMARK [1][-]{section.5.1}{\376\377\000I\000n\000t\000r\000o\000d\000u\000c\000t\000i\000o\000n}{chapter.5}% 25
\BOOKMARK [1][-]{section.5.2}{\376\377\000E\000P\000I\000C\000S\000\040\000I\000n\000s\000t\000a\000l\000l\000a\000t\000i\000o\000n\000\040\000O\000v\000e\000r\000v\000i\000e\000w}{chapter.5}% 26
\BOOKMARK [1][-]{section.5.3}{\376\377\000I\000n\000s\000t\000a\000l\000l\000i\000n\000g\000\040\000E\000P\000I\000C\000S\000\040\000B\000a\000s\000e\000\040\000a\000n\000d\000\040\000R\000e\000q\000u\000i\000r\000e\000d\000\040\000M\000o\000d\000u\000l\000e\000s}{chapter.5}% 27
\BOOKMARK [1][-]{section.5.4}{\376\377\000I\000n\000s\000t\000a\000l\000l\000i\000n\000g\000\040\000t\000h\000e\000\040\000A\000T\000E\000\040\000I\000O\000C}{chapter.5}% 28
\BOOKMARK [1][-]{section.5.5}{\376\377\000I\000n\000s\000t\000a\000l\000l\000i\000n\000g\000\040\000t\000h\000e\000\040\000P\000S\000C\000\040\000I\000O\000C}{chapter.5}% 29
\BOOKMARK [0][-]{chapter.6}{\376\377\000C\000S\000-\000S\000t\000u\000d\000i\000o\000\040\000-\000\040\000P\000h\000o\000e\000b\000u\000s}{}% 30
\BOOKMARK [1][-]{section.6.1}{\376\377\000I\000n\000t\000r\000o\000d\000u\000c\000t\000i\000o\000n}{chapter.6}% 31
\BOOKMARK [1][-]{section.6.2}{\376\377\000I\000n\000s\000t\000a\000l\000l\000i\000n\000g\000\040\000P\000h\000o\000e\000b\000u\000s}{chapter.6}% 32
\BOOKMARK [0][-]{chapter.7}{\376\377\000N\000e\000t\000w\000o\000r\000k\000i\000n\000g}{}% 33
\BOOKMARK [1][-]{section.7.1}{\376\377\000O\000v\000e\000r\000v\000i\000e\000w}{chapter.7}% 34
\BOOKMARK [0][-]{chapter.8}{\376\377\000I\000n\000s\000t\000a\000l\000l\000i\000n\000g\000\040\000a\000n\000d\000\040\000C\000o\000n\000f\000i\000g\000u\000r\000i\000n\000g\000\040\000M\000i\000n\000i\000c\000o\000m}{}% 35
\BOOKMARK [1][-]{section.8.1}{\376\377\000O\000v\000e\000r\000v\000i\000e\000w}{chapter.8}% 36
\BOOKMARK [1][-]{section.8.2}{\376\377\000I\000n\000s\000t\000a\000l\000l\000a\000t\000i\000o\000n\000\040\000i\000n\000\040\000a\000\040\000L\000i\000n\000u\000x\000\040\000e\000n\000v\000i\000r\000o\000n\000m\000e\000n\000t}{chapter.8}% 37
\BOOKMARK [2][-]{subsection.8.2.1}{\376\377\000I\000n\000s\000t\000a\000l\000l\000i\000n\000g\000\040\000M\000i\000n\000i\000c\000o\000m}{section.8.2}% 38
\BOOKMARK [1][-]{section.8.3}{\376\377\000C\000o\000n\000f\000i\000g\000u\000r\000i\000n\000g\000\040\000M\000i\000n\000i\000c\000o\000m}{chapter.8}% 39
\BOOKMARK [1][-]{section.8.4}{\376\377\000R\000u\000n\000n\000i\000n\000g\000\040\000M\000i\000n\000i\000c\000o\000m}{chapter.8}% 40
\BOOKMARK [0][-]{chapter.9}{\376\377\000P\000y\000t\000h\000o\000n\000\040\000I\000n\000s\000t\000a\000l\000l\000a\000t\000i\000o\000n\000\040\000a\000n\000d\000\040\000C\000o\000n\000f\000i\000g\000u\000r\000a\000t\000i\000o\000n}{}% 41
\BOOKMARK [1][-]{section.9.1}{\376\377\000O\000v\000e\000r\000v\000i\000e\000w}{chapter.9}% 42
\BOOKMARK [1][-]{section.9.2}{\376\377\000I\000n\000s\000t\000a\000l\000l\000i\000n\000g\000\040\000a\000n\000d\000\040\000C\000o\000n\000f\000i\000g\000u\000r\000i\000n\000g\000\040\000P\000y\000t\000h\000o\000n\000,\000\040\000a\000n\000d\000\040\000t\000h\000e\000\040\000P\000y\000t\000h\000o\000n\000\040\000E\000n\000v\000i\000r\000o\000n\000m\000e\000n\000t}{chapter.9}% 43
\BOOKMARK [2][-]{subsection.9.2.1}{\376\377\000I\000n\000s\000t\000a\000l\000l\000i\000n\000g\000\040\000P\000y\000t\000h\000o\000n}{section.9.2}% 44
\BOOKMARK [2][-]{subsection.9.2.2}{\376\377\000P\000y\000t\000h\000o\000n\000\040\000P\000a\000c\000k\000a\000g\000e\000\040\000M\000a\000n\000a\000g\000e\000m\000e\000n\000t}{section.9.2}% 45
\BOOKMARK [0][-]{chapter.10}{\376\377\000C\000a\000l\000i\000b\000r\000a\000t\000i\000o\000n\000\040\000a\000n\000d\000\040\000T\000e\000s\000t\000\040\000S\000c\000r\000i\000p\000t\000\040\000I\000n\000s\000t\000a\000l\000l\000a\000t\000i\000o\000n}{}% 46
\BOOKMARK [1][-]{section.10.1}{\376\377\000O\000v\000e\000r\000v\000i\000e\000w}{chapter.10}% 47
\BOOKMARK [1][-]{section.10.2}{\376\377\000C\000l\000o\000n\000i\000n\000g\000\040\000t\000h\000e\000\040\000S\000c\000r\000i\000p\000t\000\040\000R\000e\000p\000o\000s\000i\000t\000o\000r\000y}{chapter.10}% 48
\BOOKMARK [1][-]{section.10.3}{\376\377\000C\000r\000e\000a\000t\000i\000n\000g\000\040\000t\000h\000e\000\040\000V\000i\000r\000t\000u\000a\000l\000\040\000E\000n\000v\000i\000r\000o\000n\000m\000e\000n\000t}{chapter.10}% 49
\BOOKMARK [1][-]{section.10.4}{\376\377\000I\000n\000s\000t\000a\000l\000l\000i\000n\000g\000\040\000D\000e\000p\000e\000n\000d\000e\000n\000c\000i\000e\000s}{chapter.10}% 50
\BOOKMARK [1][-]{section.10.5}{\376\377\000C\000o\000m\000p\000i\000l\000i\000n\000g\000\040\000t\000h\000e\000\040\000F\000O\000F\000B\000\040\000P\000a\000c\000k\000e\000t\000\040\000G\000e\000n\000e\000r\000a\000t\000o\000r}{chapter.10}% 51
\BOOKMARK [1][-]{section.10.6}{\376\377\000C\000o\000n\000f\000i\000g\000u\000r\000i\000n\000g\000\040\000N\000e\000t\000w\000o\000r\000k\000\040\000I\000n\000t\000e\000r\000f\000a\000c\000e\000s\000\040\000i\000n\000\040\000t\000h\000e\000\040\000f\000o\000f\000b\000\137\000t\000e\000s\000t\000.\000p\000y\000\040\000M\000o\000d\000u\000l\000e}{chapter.10}% 52
\BOOKMARK [0][-]{chapter.11}{\376\377\000C\000o\000n\000f\000i\000g\000u\000r\000i\000n\000g\000\040\000t\000h\000e\000\040\000T\000e\000s\000t\000\040\000a\000n\000d\000\040\000C\000a\000l\000i\000b\000r\000a\000t\000i\000o\000n\000\040\000S\000c\000r\000i\000p\000t\000s}{}% 53
\BOOKMARK [1][-]{section.11.1}{\376\377\000O\000v\000e\000r\000v\000i\000e\000w}{chapter.11}% 54
\BOOKMARK [1][-]{section.11.2}{\376\377\000T\000h\000e\000\040\000c\000o\000m\000m\000o\000n\000\040\000F\000i\000l\000e\000s\000\040\000D\000i\000r\000e\000c\000t\000o\000r\000y}{chapter.11}% 55
\BOOKMARK [2][-]{subsection.11.2.1}{\376\377\000T\000h\000e\000\040\000p\000s\000c\000\137\000m\000o\000d\000e\000l\000s\000.\000p\000y\000\040\000C\000l\000a\000s\000s}{section.11.2}% 56
\BOOKMARK [2][-]{subsection.11.2.2}{\376\377\000E\000P\000I\000C\000S\000\040\000A\000d\000a\000p\000t\000e\000r\000s\000/\000D\000r\000i\000v\000e\000r\000s}{section.11.2}% 57
\BOOKMARK [2][-]{subsection.11.2.3}{\376\377\000T\000h\000e\000\040\000i\000n\000i\000t\000i\000a\000l\000i\000z\000e\000\137\000d\000u\000t\000.\000p\000y\000\040\000U\000t\000i\000l\000i\000t\000y}{section.11.2}% 58
\BOOKMARK [1][-]{section.11.3}{\376\377\000C\000a\000l\000i\000b\000r\000a\000t\000i\000o\000n}{chapter.11}% 59
\BOOKMARK [2][-]{subsection.11.3.1}{\376\377\000T\000h\000e\000\040\000i\000n\000i\000t\000i\000a\000l\000i\000z\000e\000\137\000q\000s\000p\000i\000.\000p\000y\000\040\000M\000o\000d\000u\000l\000e}{section.11.3}% 60
\BOOKMARK [2][-]{subsection.11.3.2}{\376\377\000T\000h\000e\000\040\000p\000s\000c\000\137\000c\000a\000l\000i\000b\000r\000a\000t\000i\000o\000n\000.\000p\000y\000\040\000M\000o\000d\000u\000l\000e}{section.11.3}% 61
\BOOKMARK [1][-]{section.11.4}{\376\377\000F\000u\000n\000c\000t\000i\000o\000n\000a\000l\000\040\000T\000e\000s\000t}{chapter.11}% 62
\BOOKMARK [0][-]{chapter.12}{\376\377\000I\000n\000i\000t\000i\000a\000l\000\040\000B\000o\000o\000t\000i\000n\000g\000\040\000o\000f\000\040\000t\000h\000e\000\040\000P\000S\000C\000\040\000a\000n\000d\000\040\000C\000o\000n\000f\000i\000g\000u\000r\000a\000t\000i\000o\000n\000\040\000o\000f\000\040\000t\000h\000e\000\040\000E\000E\000P\000R\000O\000M}{}% 63
\BOOKMARK [1][-]{section.12.1}{\376\377\000O\000v\000e\000r\000v\000i\000e\000w}{chapter.12}% 64
\BOOKMARK [2][-]{subsection.12.1.1}{\376\377\000C\000r\000e\000a\000t\000i\000n\000g\000\040\000t\000h\000e\000\040\000S\000D\000\040\000C\000a\000r\000d}{section.12.1}% 65
\BOOKMARK [2][-]{subsection.12.1.2}{\376\377\000C\000o\000n\000f\000i\000g\000u\000r\000i\000n\000g\000\040\000t\000h\000e\000\040\000E\000E\000P\000R\000O\000M}{section.12.1}% 66
\BOOKMARK [0][-]{chapter.13}{\376\377\000R\000u\000n\000n\000i\000n\000g\000\040\000t\000h\000e\000\040\000C\000a\000l\000i\000b\000r\000a\000t\000i\000o\000n\000\040\000a\000n\000d\000\040\000T\000e\000s\000t\000\040\000S\000c\000r\000i\000p\000t}{}% 67
\BOOKMARK [1][-]{section.13.1}{\376\377\000O\000v\000e\000r\000v\000i\000e\000w}{chapter.13}% 68
\BOOKMARK [1][-]{section.13.2}{\376\377\000R\000u\000n\000n\000i\000n\000g\000\040\000t\000h\000e\000\040\000S\000c\000r\000i\000p\000t\000:\000\040\000L\000a\000u\000n\000c\000h\000e\000r\000\040\000M\000e\000n\000u}{chapter.13}% 69
\BOOKMARK [2][-]{subsection.13.2.1}{\376\377\000O\000p\000t\000i\000o\000n\000\040\0001\000:\000\040\000I\000n\000i\000t\000i\000a\000l\000i\000z\000e\000\040\000Q\000S\000P\000I\000\040\000O\000n\000l\000y}{section.13.2}% 70
\BOOKMARK [2][-]{subsection.13.2.2}{\376\377\000O\000p\000t\000i\000o\000n\000\040\0002\000:\000\040\000C\000a\000l\000i\000b\000r\000a\000t\000e\000\040\000O\000n\000l\000y}{section.13.2}% 71
\BOOKMARK [2][-]{subsection.13.2.3}{\376\377\000O\000p\000t\000i\000o\000n\000\040\0003\000:\000\040\000T\000e\000s\000t\000\040\000O\000n\000l\000y}{section.13.2}% 72
\BOOKMARK [2][-]{subsection.13.2.4}{\376\377\000O\000p\000t\000i\000o\000n\000\040\0004\000:\000\040\000C\000a\000l\000i\000b\000r\000a\000t\000e\000\040\000a\000n\000d\000\040\000T\000e\000s\000t}{section.13.2}% 73
\BOOKMARK [0][-]{chapter.A}{\376\377\000E\000x\000a\000m\000p\000l\000e\000\040\000S\000e\000c\000o\000n\000d\000a\000r\000y\000\040\000O\000p\000s\000\040\000C\000h\000e\000c\000k\000l\000i\000s\000t}{}% 74
\BOOKMARK [0][-]{chapter.B}{\376\377\000E\000x\000a\000m\000p\000l\000e\000\040\000C\000a\000l\000i\000b\000r\000a\000t\000i\000o\000n\000\040\000R\000e\000p\000o\000r\000t}{}% 75
\BOOKMARK [0][-]{chapter.C}{\376\377\000E\000x\000a\000m\000p\000l\000e\000\040\000T\000e\000s\000t\000\040\000R\000e\000p\000o\000r\000t}{}% 76
